; Top Design: "Simulation_of_near-end_and_far-end_crosstalk_lib:cell_1:schematic"
; Netlisted using Hierarchy Policy: "Standard"

Options ResourceUsage=yes UseNutmegFormat=no EnableOptim=no TopDesignName="Simulation_of_near-end_and_far-end_crosstalk_lib:cell_1:schematic" DcopOutputNodeVoltages=yes DcopOutputPinCurrents=yes DcopOutputAllSweepPoints=no DcopOutputDcopType=0
model Subst1 Substrate N=2 Er=3.8 H=3.24 mil TanD=0 T[1]=1.2 mil Cond[1]=58e+16 T[2]=1.2 mil Cond[2]=58e+16 LayerType[1]="signal" LayerType[2]="ground" DielectricLossModel=1 FreqForEpsrTanD=1.0 GHz LowFreqForTanD=1.0 kHz HighFreqForTanD=1.0 THz RoughnessModel=2 Rough=0 mil Huray_RatioOfA=1 Huray_r=0 um Huray_Aflat=0 um * 1 um Huray_N=14 
V_Source:SRC1  N__0 0 Type="VtPulse" V_Tran=cos_pulse(time, 0 V,2 V,3 nsec,100 psec,100 psec,3.9 nsec,10 nsec) SaveCurrent=1 
R:R1  N__0 Vin R=50 Ohm Noise=yes 
PC_Line:CLin1  Vin Next Fext Vout N=2 Subst="Subst1" Length=7100 mil W=6 mil S=12 mil Layer=1 ReuseRLGC=0 W_FileFormat=0 
R:R2  Vout 0 R=50 Ohm Noise=yes 
R:R3  0 Next R=50 Ohm Noise=yes 
R:R4  Fext 0 R=50 Ohm Noise=yes 
Tran:Tran1 StartTime=0.0 nsec StopTime=10.0 nsec MaxTimeStep=1.0 psec LimitStepForTL=yes TimeStepControl=2 TruncTol=7.0 ChargeTol=1.0e-14 IntegMethod=0 MaxGearOrder=2 \
Mu=0.5 MaxOrder=4 Freq[1]=1.0 GHz Order[1]=3 HB_Window=no \
HB_Sol=no ImpApprox=no ShortTL_Delay=1.0 psec ImpMode=1 UseInitCond=no \
LoadGminDC=no CheckKCL=yes CheckOnlyDeltaV=yes OverloadAlert=no DeviceBypass=no \
MaxIters=10 MaxItersDC=200 DevOpPtLevel=0 StatusLevel=2 OutputAllPoints=yes \
NoiseScale=1 ImpEnforcePassivity=yes ImpSkipTotalEnergy=1000 ImpLFEOn=yes \
OutputPlan="Tran1_Output" 

OutputPlan:Tran1_Output \
      Type="Output" \
      UseNodeNestLevel=yes \
      NodeNestLevel=2 \
      UseEquationNestLevel=yes \
      EquationNestLevel=2 \
      UseSavedEquationNestLevel=yes \
      SavedEquationNestLevel=2 \
      UseDeviceCurrentNestLevel=no \
      DeviceCurrentNestLevel=0 \
      DeviceCurrentDeviceType="All" \
      DeviceCurrentSymSyntax=yes \
      UseCurrentNestLevel=yes \
      CurrentNestLevel=999 \
      UseDeviceVoltageNestLevel=no \
      DeviceVoltageNestLevel=0 \
      DeviceVoltageDeviceType="All"

